(---------------------------------------------------------------------)
(                                                                     )
(    Allegro Netrev Import Logic                                      )
(                                                                     )
(    Drawing          : proiectcef.brd                                )
(    Software Version : 17.2S025                                      )
(    Date/Time        : Thu Dec 04 15:14:10 2025                      )
(                                                                     )
(---------------------------------------------------------------------)


------ Directives ------------

Ripup etch:                  No
Ripup delete first segment:  No
Ripup retain bondwire:       No
Ripup symbols:               Always
Missing symbol has error:    No
DRC update:                  Yes
Schematic directory:         'C:\CADENCE\P1_2025_434C_BOBES_BOGDAN_OW_N15_ORCAD\SCHEMATICS\allegro'
Design Directory:            'C:/Cadence/P1_2025_434C_Bobes_Bogdan_OW_N15_OrCAD/Schematics/allegro'
Old design name:             'C:/Cadence/P1_2025_434C_Bobes_Bogdan_OW_N15_OrCAD/Schematics/allegro/proiectcef.brd'
New design name:             'C:/Cadence/P1_2025_434C_Bobes_Bogdan_OW_N15_OrCAD/Schematics/allegro/proiectcef.brd'

CmdLine: netrev.exe -y 1 -u -i C:\CADENCE\P1_2025_434C_BOBES_BOGDAN_OW_N15_ORCAD\SCHEMATICS\allegro C:\Cadence\P1_2025_434C_Bobes_Bogdan_OW_N15_OrCAD\Schematics\allegro\proiectcef.brd C:\Cadence\P1_2025_434C_Bobes_Bogdan_OW_N15_OrCAD\Schematics\allegro\proiectcef.brd

------ Preparing to read pst files ------

Starting to read C:/CADENCE/P1_2025_434C_BOBES_BOGDAN_OW_N15_ORCAD/SCHEMATICS/allegro/pstchip.dat 
   Finished reading C:/CADENCE/P1_2025_434C_BOBES_BOGDAN_OW_N15_ORCAD/SCHEMATICS/allegro/pstchip.dat (00:00:00.03)
Starting to read C:/CADENCE/P1_2025_434C_BOBES_BOGDAN_OW_N15_ORCAD/SCHEMATICS/allegro/pstxprt.dat 
   Finished reading C:/CADENCE/P1_2025_434C_BOBES_BOGDAN_OW_N15_ORCAD/SCHEMATICS/allegro/pstxprt.dat (00:00:00.00)
Starting to read C:/CADENCE/P1_2025_434C_BOBES_BOGDAN_OW_N15_ORCAD/SCHEMATICS/allegro/pstxnet.dat 
   Finished reading C:/CADENCE/P1_2025_434C_BOBES_BOGDAN_OW_N15_ORCAD/SCHEMATICS/allegro/pstxnet.dat (00:00:00.01)

------ Oversights/Warnings/Errors ------


------ Library Paths ------
MODULEPATH =  . 
           C:/Cadence/SPB_17.2/share/local/pcb/modules 

PSMPATH =  . 
           symbols 
           .. 
           ../symbols 
           C:/Cadence/SPB_17.2/share/local/pcb/symbols 
           C:/Cadence/SPB_17.2/share/pcb/pcb_lib/symbols 
           C:/Cadence/SPB_17.2/share/pcb/allegrolib/symbols 

PADPATH =  . 
           symbols 
           .. 
           ../symbols 
           C:/Cadence/SPB_17.2/share/local/pcb/padstacks 
           C:/Cadence/SPB_17.2/share/pcb/pcb_lib/symbols 
           C:/Cadence/SPB_17.2/share/pcb/allegrolib/symbols 


------ Summary Statistics ------


netrev run on Dec 4 15:14:10 2025
   DESIGN NAME : 'PROIECTCEF'
   PACKAGING ON Jul 30 2017 03:29:02

   COMPILE 'logic'
   CHECK_PIN_NAMES OFF
   CROSS_REFERENCE OFF
   FEEDBACK OFF
   INCREMENTAL OFF
   INTERFACE_TYPE PHYSICAL
   MAX_ERRORS 500
   MERGE_MINIMUM 5
   NET_NAME_CHARS '#%&()*+-./:=>?@[]^_`|'
   NET_NAME_LENGTH 24
   OVERSIGHTS ON
   REPLACE_CHECK OFF
   SINGLE_NODE_NETS ON
   SPLIT_MINIMUM 0
   SUPPRESS   20
   WARNINGS ON

 No error detected
 No oversight detected
 No warning detected

cpu time      0:00:31
elapsed time  0:00:00

